// Jest Snapshot v1, https://goo.gl/fbAQLP

exports[`Check if the translations.json is correct 1`] = `"{\\"correct.js\\":{\\"key\\":\\"defaultValue\\"}}"`;
